// Jest Snapshot v1, https://goo.gl/fbAQLP

exports[`LoadingWheel renders the Spinner unchanged. 1`] = `
<div>
  <div
    class="transparent_overlay"
  />
  <div
    class="spinner_container"
  >
    <img
      alt="loading"
      class="spinner"
      data-nimg="1"
      decoding="async"
      height="82"
      loading="lazy"
      src="/_next/image?url=%2Fstatic%2Fimages%2Fcomponents%2Fspinner%2Fspinner.png&w=256&q=75"
      srcset="/_next/image?url=%2Fstatic%2Fimages%2Fcomponents%2Fspinner%2Fspinner.png&w=96&q=75 1x, /_next/image?url=%2Fstatic%2Fimages%2Fcomponents%2Fspinner%2Fspinner.png&w=256&q=75 2x"
      style="color: transparent;"
      width="82"
    />
  </div>
</div>
`;
