// Jest Snapshot v1, https://goo.gl/fbAQLP

exports[`Progress renders progress page unchanged 1`] = `
<div>
  <div
    class="outer_container"
  >
    <div
      class="inner_container"
    >
      <article
        class="progress_page"
      >
        <section
          class="section_1"
        >
          <h1>
            Your 
            <br />
             challenge 
            <br />
             badges
          </h1>
          <div
            class="days_blob_container"
          >
            <img
              alt="days remaining blob"
              class="blob"
              data-nimg="1"
              decoding="async"
              fetchpriority="high"
              height="40"
              src="/_next/image?url=%2Fimg.jpg&w=96&q=75"
              srcset="/_next/image?url=%2Fimg.jpg&w=48&q=75 1x, /_next/image?url=%2Fimg.jpg&w=96&q=75 2x"
              style="color: transparent;"
              width="40"
            />
            <div
              class="days_label"
            >
              <p
                class="number_shadow"
              >
                8
              </p>
              <h3
                class="days_left"
              >
                Days
                 left
              </h3>
            </div>
          </div>
        </section>
        <img
          alt="black curve"
          class="curve"
          data-nimg="1"
          decoding="async"
          fetchpriority="high"
          height="40"
          src="/_next/image?url=%2Fimg.jpg&w=96&q=75"
          srcset="/_next/image?url=%2Fimg.jpg&w=48&q=75 1x, /_next/image?url=%2Fimg.jpg&w=96&q=75 2x"
          style="color: transparent;"
          width="40"
        />
        <section
          class="section_2"
        >
          <h3>
            You completed
             
             
            <span
              class="underline"
            >
              0
            </span>
             
            badges
          </h3>
          <button
            class="gradient"
          >
            <span>
              Invite friends
            </span>
          </button>
          <div>
            <p
              class="register"
            >
              Not registered to vote yet?
              <br />
              <a
                href="/voterreg"
              >
                Register now
              </a>
               and earn a badge!
            </p>
          </div>
        </section>
        <section
          class="section_3"
        >
          <div
            class="badges"
          >
            <div
              class="blob"
            >
              <img
                alt="number badge background blob"
                class="disable"
                data-nimg="1"
                decoding="async"
                height="40"
                loading="lazy"
                src="/_next/image?url=%2Fimg.jpg&w=96&q=75"
                srcset="/_next/image?url=%2Fimg.jpg&w=48&q=75 1x, /_next/image?url=%2Fimg.jpg&w=96&q=75 2x"
                style="color: transparent;"
                width="40"
              />
            </div>
            <div
              class="blob_content"
            >
              <p
                class="index"
              >
                1
              </p>
            </div>
          </div>
          <div
            class="badges"
          >
            <div
              class="blob"
            >
              <img
                alt="number badge background blob"
                class="disable"
                data-nimg="1"
                decoding="async"
                height="40"
                loading="lazy"
                src="/_next/image?url=%2Fimg.jpg&w=96&q=75"
                srcset="/_next/image?url=%2Fimg.jpg&w=48&q=75 1x, /_next/image?url=%2Fimg.jpg&w=96&q=75 2x"
                style="color: transparent;"
                width="40"
              />
            </div>
            <div
              class="blob_content"
            >
              <p
                class="index"
              >
                2
              </p>
            </div>
          </div>
          <div
            class="badges"
          >
            <div
              class="blob"
            >
              <img
                alt="number badge background blob"
                class="disable"
                data-nimg="1"
                decoding="async"
                height="40"
                loading="lazy"
                src="/_next/image?url=%2Fimg.jpg&w=96&q=75"
                srcset="/_next/image?url=%2Fimg.jpg&w=48&q=75 1x, /_next/image?url=%2Fimg.jpg&w=96&q=75 2x"
                style="color: transparent;"
                width="40"
              />
            </div>
            <div
              class="blob_content"
            >
              <p
                class="index"
              >
                3
              </p>
            </div>
          </div>
          <div
            class="badges"
          >
            <div
              class="blob"
            >
              <img
                alt="number badge background blob"
                class="disable"
                data-nimg="1"
                decoding="async"
                height="40"
                loading="lazy"
                src="/_next/image?url=%2Fimg.jpg&w=96&q=75"
                srcset="/_next/image?url=%2Fimg.jpg&w=48&q=75 1x, /_next/image?url=%2Fimg.jpg&w=96&q=75 2x"
                style="color: transparent;"
                width="40"
              />
            </div>
            <div
              class="blob_content"
            >
              <p
                class="index"
              >
                4
              </p>
            </div>
          </div>
          <div
            class="badges"
          >
            <div
              class="blob"
            >
              <img
                alt="number badge background blob"
                class="disable"
                data-nimg="1"
                decoding="async"
                height="40"
                loading="lazy"
                src="/_next/image?url=%2Fimg.jpg&w=96&q=75"
                srcset="/_next/image?url=%2Fimg.jpg&w=48&q=75 1x, /_next/image?url=%2Fimg.jpg&w=96&q=75 2x"
                style="color: transparent;"
                width="40"
              />
            </div>
            <div
              class="blob_content"
            >
              <p
                class="index"
              >
                5
              </p>
            </div>
          </div>
          <div
            class="badges"
          >
            <div
              class="blob"
            >
              <img
                alt="number badge background blob"
                class="disable"
                data-nimg="1"
                decoding="async"
                height="40"
                loading="lazy"
                src="/_next/image?url=%2Fimg.jpg&w=96&q=75"
                srcset="/_next/image?url=%2Fimg.jpg&w=48&q=75 1x, /_next/image?url=%2Fimg.jpg&w=96&q=75 2x"
                style="color: transparent;"
                width="40"
              />
            </div>
            <div
              class="blob_content"
            >
              <p
                class="index"
              >
                6
              </p>
            </div>
          </div>
          <div
            class="badges"
          >
            <div
              class="blob"
            >
              <img
                alt="number badge background blob"
                class="disable"
                data-nimg="1"
                decoding="async"
                height="40"
                loading="lazy"
                src="/_next/image?url=%2Fimg.jpg&w=96&q=75"
                srcset="/_next/image?url=%2Fimg.jpg&w=48&q=75 1x, /_next/image?url=%2Fimg.jpg&w=96&q=75 2x"
                style="color: transparent;"
                width="40"
              />
            </div>
            <div
              class="blob_content"
            >
              <p
                class="index"
              >
                7
              </p>
            </div>
          </div>
          <div
            class="badges"
          >
            <div
              class="blob"
            >
              <img
                alt="number badge background blob"
                class="disable"
                data-nimg="1"
                decoding="async"
                height="40"
                loading="lazy"
                src="/_next/image?url=%2Fimg.jpg&w=96&q=75"
                srcset="/_next/image?url=%2Fimg.jpg&w=48&q=75 1x, /_next/image?url=%2Fimg.jpg&w=96&q=75 2x"
                style="color: transparent;"
                width="40"
              />
            </div>
            <div
              class="blob_content"
            >
              <p
                class="index"
              >
                8
              </p>
            </div>
          </div>
        </section>
        <section
          class="section_4"
        >
          <button
            class="gradient"
          >
            <span>
              Invite friends
            </span>
          </button>
          <div>
            <p
              class="register"
            >
              Not registered to vote yet?
              <br />
              <a
                href="/voterreg"
              >
                Register now
              </a>
               and earn a badge!
            </p>
          </div>
        </section>
        <dialog
          aria-label="restart challenge modal"
          class="modal_dark_theme"
          role="dialog"
        >
          <div>
            <div
              class="close_btn_container"
            >
              <button
                aria-label="close dialog"
                class="close_btn"
              >
                <svg
                  class="close_btn_icon"
                  fill="currentColor"
                  fill-rule="evenodd"
                  height="1em"
                  stroke="currentColor"
                  stroke-width="0"
                  viewBox="0 0 1024 1024"
                  width="1em"
                  xmlns="http://www.w3.org/2000/svg"
                >
                  <path
                    d="M799.855 166.312c.023.007.043.018.084.059l57.69 57.69c.041.041.052.06.059.084a.118.118 0 0 1 0 .069c-.007.023-.018.042-.059.083L569.926 512l287.703 287.703c.041.04.052.06.059.083a.118.118 0 0 1 0 .07c-.007.022-.018.042-.059.083l-57.69 57.69c-.041.041-.06.052-.084.059a.118.118 0 0 1-.069 0c-.023-.007-.042-.018-.083-.059L512 569.926 224.297 857.629c-.04.041-.06.052-.083.059a.118.118 0 0 1-.07 0c-.022-.007-.042-.018-.083-.059l-57.69-57.69c-.041-.041-.052-.06-.059-.084a.118.118 0 0 1 0-.069c.007-.023.018-.042.059-.083L454.073 512 166.371 224.297c-.041-.04-.052-.06-.059-.083a.118.118 0 0 1 0-.07c.007-.022.018-.042.059-.083l57.69-57.69c.041-.041.06-.052.084-.059a.118.118 0 0 1 .069 0c.023.007.042.018.083.059L512 454.073l287.703-287.702c.04-.041.06-.052.083-.059a.118.118 0 0 1 .07 0Z"
                  />
                </svg>
              </button>
            </div>
            <div
              class="content"
            >
              <div
                class="restart_modal"
              >
                Oops, times up! But no worries, restart your challenge to continue!
              </div>
              <div
                class="modal_btn"
              >
                <button
                  class="gradient"
                >
                  <span>
                    Invite friends
                  </span>
                </button>
              </div>
            </div>
          </div>
        </dialog>
      </article>
    </div>
  </div>
</div>
`;
